
Memory Configuration

Name             Origin             Length             Attributes
flash            0x08000000         0x00020000         xr
sram             0x20000000         0x00005000         xrw
*default*        0x00000000         0xffffffff

Linker script and memory map


.text           0x08000000      0x128
 *(.vectors*)
 .vectors       0x08000000       0x1c startup.o
                0x08000000                vectors
 *(.text*)
 .text          0x0800001c       0x7c main.o
                0x0800001c                main
 .text          0x08000098       0x90 startup.o
                0x08000098                Usage_falut_Handler
                0x08000098                MM_fault_Hander
                0x08000098                Default_Handler
                0x08000098                H_fault_Handler
                0x08000098                Bus_Handler
                0x08000098                NMI_Handler
                0x080000a4                Reset_Handler
 *(.rodata)
                0x08000128                _E_TEXT = .

.glue_7         0x08000128        0x0
 .glue_7        0x08000128        0x0 linker stubs

.glue_7t        0x08000128        0x0
 .glue_7t       0x08000128        0x0 linker stubs

.vfp11_veneer   0x08000128        0x0
 .vfp11_veneer  0x08000128        0x0 linker stubs

.v4_bx          0x08000128        0x0
 .v4_bx         0x08000128        0x0 linker stubs

.iplt           0x08000128        0x0
 .iplt          0x08000128        0x0 startup.o

.rel.dyn        0x08000128        0x0
 .rel.iplt      0x08000128        0x0 startup.o

.data           0x20000000        0x0 load address 0x08000128
                0x20000000                _S_DATA = .
 *(.data)
 .data          0x20000000        0x0 main.o
 .data          0x20000000        0x0 startup.o
                0x20000000                _E_DATA = .

.igot.plt       0x20000000        0x0 load address 0x08000128
 .igot.plt      0x20000000        0x0 startup.o

.bss            0x20000000     0x1000 load address 0x08000128
                0x20000000                _S_BSS = .
 *(.bss)
 .bss           0x20000000        0x0 main.o
 .bss           0x20000000        0x0 startup.o
                0x20000000                _E_BSS = .
                0x20001000                . = (. + 0x1000)
 *fill*         0x20000000     0x1000 
                0x20001000                _stack_top = .
LOAD main.o
LOAD startup.o
OUTPUT(learn-in-depth-cortex-m3.elf elf32-littlearm)
LOAD linker stubs

.debug_info     0x00000000      0x238
 .debug_info    0x00000000       0xd2 main.o
 .debug_info    0x000000d2      0x166 startup.o

.debug_abbrev   0x00000000      0x148
 .debug_abbrev  0x00000000       0x7a main.o
 .debug_abbrev  0x0000007a       0xce startup.o

.debug_loc      0x00000000       0x38
 .debug_loc     0x00000000       0x38 main.o

.debug_aranges  0x00000000       0x40
 .debug_aranges
                0x00000000       0x20 main.o
 .debug_aranges
                0x00000020       0x20 startup.o

.debug_line     0x00000000      0x2cf
 .debug_line    0x00000000      0x143 main.o
 .debug_line    0x00000143      0x18c startup.o

.debug_str      0x00000000      0x20c
 .debug_str     0x00000000      0x12f main.o
                                0x16c (size before relaxing)
 .debug_str     0x0000012f       0xdd startup.o
                                0x1d9 (size before relaxing)

.comment        0x00000000       0x49
 .comment       0x00000000       0x49 main.o
                                 0x4a (size before relaxing)
 .comment       0x00000049       0x4a startup.o

.ARM.attributes
                0x00000000       0x2d
 .ARM.attributes
                0x00000000       0x2d main.o
 .ARM.attributes
                0x0000002d       0x2d startup.o

.debug_frame    0x00000000       0x7c
 .debug_frame   0x00000000       0x2c main.o
 .debug_frame   0x0000002c       0x50 startup.o
